// Jest Snapshot v1, https://goo.gl/fbAQLP

exports[`NotFound page component should render NotFound page correctly 1`] = `
<div
  className="not-found-wrapper"
>
  <div
    className="container"
  >
    <div
      className="row"
    >
      <div
        className="col-12"
      >
        <h2
          className="not-found-title text-center"
        >
          Page Not Found
        </h2>
        <div
          className="back-button"
        >
          <Link
            className="not-found-link text-center"
            replace={false}
            to="/"
          >
            Back to Homepage
          </Link>
        </div>
      </div>
    </div>
  </div>
</div>
`;
